≡ƒÅÑ Running Medical Logic Verification...

Testing: ≡ƒö┤ Red Flag: Heavy Bleeding...
   -> Result: Medical Attention Required (100.0%)
   -> Reasons: ['Red flag symptoms detected: Excessive menstrual bleeding', 'Please consult a doctor immediately.']
   Γ£à PASS

Testing: ≡ƒƒó Normal / Low Risk...
   -> Result: Low Likelihood of PCOS (90.0%)
   -> Reasons: ['Did not meet major clinical criteria (Ovulatory, Androgen, Metabolic)']
   Γ£à PASS

Testing: ≡ƒÆè Post-Pill Rebound (Simulated via Rule 1 if exists, otherwise Rotterdam)...
   -> Result: Possible PCOS Risk (Insufficient Evidence) (50.0%)
   -> Reasons: ['Met only 1 of 3 key criteria', 'Irregular menstrual cycles']
   Γ£à PASS

Testing: ≡ƒ⌐╕ Insulin-Resistant Phenotype (Classic)...
   -> Result: Insulin-Resistant PCOS (Likely) (85.0%)
   -> Reasons: ['Elevated BMI (32.0)', 'Acanthosis nigricans (insulin resistance sign)', 'Strong insulin resistance indicators present']
   Γ£à PASS

Testing: ≡ƒöÑ Inflammatory Phenotype...
   -> Result: Inflammatory PCOS (Likely) (80.0%)
   -> Reasons: ['Persistent acne', 'Hair thinning (alopecia)', 'Signs of inflammation (acne/mood)']
   Γ£à PASS

Testing: ≡ƒºá Adrenal Phenotype...
   -> Result: Adrenal PCOS (Likely) (80.0%)
   -> Reasons: ['High stress levels', 'Normal BMI', 'Excessive facial/body hair (hirsutism)']
   Γ£à PASS

≡ƒÅü Results: 6/6 passed.
